gyuri@gyuri-MacBookAir backend % docker ps
CONTAINER ID   IMAGE          COMMAND                  CREATED          STATUS          PORTS                    NAMES
52050ca2585b   redis:latest   "docker-entrypoint.sâ€¦"   43 seconds ago   Up 42 seconds   0.0.0.0:6379->6379/tcp   backend-my-redis-1
gyuri@gyuri-MacBookAir backend % docker exec -it 52050ca2585b /bin/
bash
root@52050ca2585b:/data# redis cli
bash: redis: command not found
root@52050ca2585b:/data# redis-cli
127.0.0.1:6379> keys
(error) ERR wrong number of arguments for 'keys' command
127.0.0.1:6379> keys *
(empty array)
127.0.0.1:6379> set qqq apple
OK
127.0.0.1:6379> keys *
1) "qqq"
127.0.0.1:6379> get qqq
"apple"
127.0.0.1:6379> ttl qqq
(integer) -1
127.0.0.1:6379> expire qqq 20
(integer) 1
127.0.0.1:6379> ttl qqq
(integer) 15
127.0.0.1:6379> ttl qqq
(integer) 9
127.0.0.1:6379> ttl qqq